0            
-------------
0            
64           
1            
512          
0            
66304        
0            
66304        
