0            
-------------
0            
64           
5            
-7           
23           
-1           
0            
0            
