0            
-------------
0            
0            
256          
512          
4            
0            
2            
0            
