0            
-------------
0            
1            
2            
2049         
450          
900          
2048         
1            
